

================================================================
== Vivado HLS Report for 'k732_hls_fir_filter_ip'
================================================================
* Date:           Mon Jun 29 22:00:38 2020

* Version:        2019.2 (Build 2704478 on Wed Nov 06 22:10:23 MST 2019)
* Project:        k732_hls_fir_filter_ip
* Solution:       solution1
* Product family: zynq
* Target device:  xc7z010-clg400-1


================================================================
== Performance Estimates
================================================================
+ Timing: 
    * Summary: 
    +--------+----------+----------+------------+
    |  Clock |  Target  | Estimated| Uncertainty|
    +--------+----------+----------+------------+
    |ap_clk  | 10.00 ns | 6.794 ns |   1.25 ns  |
    +--------+----------+----------+------------+

+ Latency: 
    * Summary: 
    +---------+---------+-----------+----------+-----+-----+---------+
    |  Latency (cycles) |  Latency (absolute)  |  Interval | Pipeline|
    |   min   |   max   |    min    |    max   | min | max |   Type  |
    +---------+---------+-----------+----------+-----+-----+---------+
    |        1|      554| 10.000 ns | 5.540 us |    1|  554|   none  |
    +---------+---------+-----------+----------+-----+-----+---------+

    + Detail: 
        * Instance: 
        N/A

        * Loop: 
        +----------+---------+---------+----------+-----------+-----------+---------+----------+
        |          |  Latency (cycles) | Iteration|  Initiation Interval  |   Trip  |          |
        | Loop Name|   min   |   max   |  Latency |  achieved |   target  |  Count  | Pipelined|
        +----------+---------+---------+----------+-----------+-----------+---------+----------+
        |- Loop 1  |        0|      510|         2|          -|          -| 0 ~ 255 |    no    |
        +----------+---------+---------+----------+-----------+-----------+---------+----------+



================================================================
== Utilization Estimates
================================================================
* Summary: 
+-----------------+---------+-------+-------+-------+-----+
|       Name      | BRAM_18K| DSP48E|   FF  |  LUT  | URAM|
+-----------------+---------+-------+-------+-------+-----+
|DSP              |        -|      -|      -|      -|    -|
|Expression       |        -|      -|      0|    194|    -|
|FIFO             |        -|      -|      -|      -|    -|
|Instance         |        -|      -|    490|    296|    -|
|Memory           |        1|      -|      0|      0|    0|
|Multiplexer      |        -|      -|      -|    265|    -|
|Register         |        -|      -|    256|      -|    -|
+-----------------+---------+-------+-------+-------+-----+
|Total            |        1|      0|    746|    755|    0|
+-----------------+---------+-------+-------+-------+-----+
|Available        |      120|     80|  35200|  17600|    0|
+-----------------+---------+-------+-------+-------+-----+
|Utilization (%)  |    ~0   |      0|      2|      4|    0|
+-----------------+---------+-------+-------+-------+-----+

+ Detail: 
    * Instance: 
    +-------------------------+----------------------+---------+-------+-----+-----+-----+
    |         Instance        |        Module        | BRAM_18K| DSP48E|  FF | LUT | URAM|
    +-------------------------+----------------------+---------+-------+-----+-----+-----+
    |k732_hls_fir_filtcud_U1  |k732_hls_fir_filtcud  |        0|      0|  490|  296|    0|
    +-------------------------+----------------------+---------+-------+-----+-----+-----+
    |Total                    |                      |        0|      0|  490|  296|    0|
    +-------------------------+----------------------+---------+-------+-----+-----+-----+

    * DSP48E: 
    N/A

    * Memory: 
    +-------------+----------------------+---------+---+----+-----+------+-----+------+-------------+
    |    Memory   |        Module        | BRAM_18K| FF| LUT| URAM| Words| Bits| Banks| W*Bits*Banks|
    +-------------+----------------------+---------+---+----+-----+------+-----+------+-------------+
    |buffer_in_U  |k732_hls_fir_filtbkb  |        1|  0|   0|    0|   256|   32|     1|         8192|
    +-------------+----------------------+---------+---+----+-----+------+-----+------+-------------+
    |Total        |                      |        1|  0|   0|    0|   256|   32|     1|         8192|
    +-------------+----------------------+---------+---+----+-----+------+-----+------+-------------+

    * FIFO: 
    N/A

    * Expression: 
    +-------------------------+----------+-------+---+----+------------+------------+
    |      Variable Name      | Operation| DSP48E| FF| LUT| Bitwidth P0| Bitwidth P1|
    +-------------------------+----------+-------+---+----+------------+------------+
    |add_ln29_fu_215_p2       |     +    |      0|  0|  39|          32|           1|
    |add_ln30_fu_220_p2       |     +    |      0|  0|  15|           9|           2|
    |i_fu_204_p2              |     +    |      0|  0|  15|           8|           1|
    |tmp_add_value_fu_254_p2  |     +    |      0|  0|  47|          40|          40|
    |empty_fu_185_p2          |   icmp   |      0|  0|  11|           8|           7|
    |icmp_ln19_fu_152_p2      |   icmp   |      0|  0|  11|           8|           1|
    |icmp_ln26_fu_158_p2      |   icmp   |      0|  0|  11|           8|           7|
    |icmp_ln28_fu_199_p2      |   icmp   |      0|  0|  11|           8|           8|
    |icmp_ln30_fu_229_p2      |   icmp   |      0|  0|  18|          32|          32|
    |select_ln26_fu_164_p3    |  select  |      0|  0|   8|           1|           7|
    |select_ln28_fu_191_p3    |  select  |      0|  0|   8|           1|           8|
    +-------------------------+----------+-------+---+----+------------+------------+
    |Total                    |          |      0|  0| 194|         155|         114|
    +-------------------------+----------+-------+---+----+------------+------------+

    * Multiplexer: 
    +-------------------------------------+-----+-----------+-----+-----------+
    |                 Name                | LUT | Input Size| Bits| Total Bits|
    +-------------------------------------+-----+-----------+-----+-----------+
    |ap_NS_fsm                            |  205|         47|    1|         47|
    |ap_phi_mux_storemerge_phi_fu_144_p4  |    9|          2|   32|         64|
    |buffer_in_address0                   |   15|          3|    8|         24|
    |filter_ptr_new_0_reg_129             |    9|          2|   32|         64|
    |i_0_reg_118                          |    9|          2|    8|         16|
    |storemerge_reg_140                   |    9|          2|   32|         64|
    |tmp_add_value_0_reg_106              |    9|          2|   40|         80|
    +-------------------------------------+-----+-----------+-----+-----------+
    |Total                                |  265|         60|  153|        359|
    +-------------------------------------+-----+-----------+-----+-----------+

    * Register: 
    +--------------------------+----+----+-----+-----------+
    |           Name           | FF | LUT| Bits| Const Bits|
    +--------------------------+----+----+-----+-----------+
    |ap_CS_fsm                 |  46|   0|   46|          0|
    |filter_ptr                |  32|   0|   32|          0|
    |filter_ptr_load_reg_294   |  32|   0|   32|          0|
    |filter_ptr_new_0_reg_129  |  32|   0|   32|          0|
    |i_0_reg_118               |   8|   0|    8|          0|
    |i_reg_307                 |   8|   0|    8|          0|
    |icmp_ln19_reg_280         |   1|   0|    1|          0|
    |result_valid_flag         |   1|   0|    1|          0|
    |select_ln26_reg_284       |   8|   0|    8|          0|
    |select_ln28_reg_299       |   8|   0|    8|          0|
    |storemerge_reg_140        |  32|   0|   32|          0|
    |tmp_add_value_0_reg_106   |  40|   0|   40|          0|
    |zext_ln26_reg_289         |   8|   0|    9|          1|
    +--------------------------+----+----+-----+-----------+
    |Total                     | 256|   0|  257|          1|
    +--------------------------+----+----+-----+-----------+



================================================================
== Interface
================================================================
* Summary: 
+--------------+-----+-----+--------------+------------------------+--------------+
|   RTL Ports  | Dir | Bits|   Protocol   |      Source Object     |    C Type    |
+--------------+-----+-----+--------------+------------------------+--------------+
|ap_clk        |  in |    1| ap_ctrl_none | k732_hls_fir_filter_ip | return value |
|ap_rst        |  in |    1| ap_ctrl_none | k732_hls_fir_filter_ip | return value |
|input_r       |  in |   32|    ap_none   |         input_r        |    scalar    |
|fir_time      |  in |    8|    ap_none   |        fir_time        |    scalar    |
|output_r      | out |   32|    ap_none   |        output_r        |    pointer   |
|result_valid  | out |    8|    ap_none   |      result_valid      |    pointer   |
+--------------+-----+-----+--------------+------------------------+--------------+

