#-----------------------------------------------------------
# Vivado v2019.2 (64-bit)
# SW Build 2708876 on Wed Nov  6 21:40:23 MST 2019
# IP Build 2700528 on Thu Nov  7 00:09:20 MST 2019
# Start of session at: Wed Jun  2 18:43:10 2021
# Process ID: 14800
# Current directory: C:/Users/Administrator/Desktop/ETH1_BACK/k720_rgmii_eth1_udp_send
# Command line: vivado.exe -gui_launcher_event rodinguilauncherevent428 C:\Users\Administrator\Desktop\ETH1_BACK\k720_rgmii_eth1_udp_send\eth_test.xpr
# Log file: C:/Users/Administrator/Desktop/ETH1_BACK/k720_rgmii_eth1_udp_send/vivado.log
# Journal file: C:/Users/Administrator/Desktop/ETH1_BACK/k720_rgmii_eth1_udp_send\vivado.jou
#-----------------------------------------------------------
start_gui
open_project C:/Users/Administrator/Desktop/ETH1_BACK/k720_rgmii_eth1_udp_send/eth_test.xpr
open_hw_manager
update_compile_order -fileset sources_1
connect_hw_server -allow_non_jtag
open_hw_target
set_property PROGRAM.FILE {C:/Users/Administrator/Desktop/ETH1_BACK/k720_rgmii_eth1_udp_send/eth_test.runs/impl_1/ethernet_top.bit} [get_hw_devices xc7k325t_0]
set_property PROBES.FILE {C:/Users/Administrator/Desktop/ETH1_BACK/k720_rgmii_eth1_udp_send/eth_test.runs/impl_1/ethernet_top.ltx} [get_hw_devices xc7k325t_0]
set_property FULL_PROBES.FILE {C:/Users/Administrator/Desktop/ETH1_BACK/k720_rgmii_eth1_udp_send/eth_test.runs/impl_1/ethernet_top.ltx} [get_hw_devices xc7k325t_0]
current_hw_device [get_hw_devices xc7k325t_0]
refresh_hw_device [lindex [get_hw_devices xc7k325t_0] 0]
set_property PROBES.FILE {C:/Users/Administrator/Desktop/ETH1_BACK/k720_rgmii_eth1_udp_send/eth_test.runs/impl_1/ethernet_top.ltx} [get_hw_devices xc7k325t_0]
set_property FULL_PROBES.FILE {C:/Users/Administrator/Desktop/ETH1_BACK/k720_rgmii_eth1_udp_send/eth_test.runs/impl_1/ethernet_top.ltx} [get_hw_devices xc7k325t_0]
set_property PROGRAM.FILE {C:/Users/Administrator/Desktop/ETH1_BACK/k720_rgmii_eth1_udp_send/eth_test.runs/impl_1/ethernet_top.bit} [get_hw_devices xc7k325t_0]
program_hw_devices [get_hw_devices xc7k325t_0]
refresh_hw_device [lindex [get_hw_devices xc7k325t_0] 0]
display_hw_ila_data [ get_hw_ila_data hw_ila_data_1 -of_objects [get_hw_ilas -of_objects [get_hw_devices xc7k325t_0] -filter {CELL_NAME=~"u_ila_0"}]]
add_wave -into {hw_ila_data_1.wcfg} -radix hex { {u1/gmii_rx_clk} {u1/gmii_rx_dv} {u1/gmii_rx_er} {u1/gmii_rxd} {u1/gmii_tx_clk} {u1/gmii_tx_en} {u1/gmii_tx_er} {u1/gmii_txd} {u1/link} {u1/pack_total_len} {u1/speed} }
run_hw_ila [get_hw_ilas -of_objects [get_hw_devices xc7k325t_0] -filter {CELL_NAME=~"u_ila_0"}]
wait_on_hw_ila [get_hw_ilas -of_objects [get_hw_devices xc7k325t_0] -filter {CELL_NAME=~"u_ila_0"}]
display_hw_ila_data [upload_hw_ila_data [get_hw_ilas -of_objects [get_hw_devices xc7k325t_0] -filter {CELL_NAME=~"u_ila_0"}]]
save_wave_config {C:/Users/Administrator/Desktop/ETH1_BACK/k720_rgmii_eth1_udp_send/eth_test.hw/hw_1/wave/hw_ila_data_1/hw_ila_data_1.wcfg}
