

================================================================
== Vivado HLS Report for 'k731_hls_led_stream_ip'
================================================================
* Date:           Mon Jun 29 20:57:28 2020

* Version:        2019.2 (Build 2704478 on Wed Nov 06 22:10:23 MST 2019)
* Project:        k731_hls_led_stream_ip
* Solution:       solution1
* Product family: kintex7
* Target device:  xc7k325t-ffg676-2


================================================================
== Performance Estimates
================================================================
+ Timing: 
    * Summary: 
    +--------+----------+----------+------------+
    |  Clock |  Target  | Estimated| Uncertainty|
    +--------+----------+----------+------------+
    |ap_clk  | 10.00 ns | 4.167 ns |   1.25 ns  |
    +--------+----------+----------+------------+

+ Latency: 
    * Summary: 
    +---------+---------+----------+----------+-----+-----+---------+
    |  Latency (cycles) |  Latency (absolute) |  Interval | Pipeline|
    |   min   |   max   |    min   |    max   | min | max |   Type  |
    +---------+---------+----------+----------+-----+-----+---------+
    |        0|        0|   0 ns   |   0 ns   |    0|    0|   none  |
    +---------+---------+----------+----------+-----+-----+---------+

    + Detail: 
        * Instance: 
        N/A

        * Loop: 
        N/A



================================================================
== Utilization Estimates
================================================================
* Summary: 
+-----------------+---------+-------+--------+--------+-----+
|       Name      | BRAM_18K| DSP48E|   FF   |   LUT  | URAM|
+-----------------+---------+-------+--------+--------+-----+
|DSP              |        -|      -|       -|       -|    -|
|Expression       |        -|      -|       0|     222|    -|
|FIFO             |        -|      -|       -|       -|    -|
|Instance         |        -|      -|       -|       -|    -|
|Memory           |        -|      -|       -|       -|    -|
|Multiplexer      |        -|      -|       -|      43|    -|
|Register         |        -|      -|      65|       -|    -|
+-----------------+---------+-------+--------+--------+-----+
|Total            |        0|      0|      65|     265|    0|
+-----------------+---------+-------+--------+--------+-----+
|Available        |      890|    840|  407600|  203800|    0|
+-----------------+---------+-------+--------+--------+-----+
|Utilization (%)  |        0|      0|   ~0   |   ~0   |    0|
+-----------------+---------+-------+--------+--------+-----+

+ Detail: 
    * Instance: 
    N/A

    * DSP48E: 
    N/A

    * Memory: 
    N/A

    * FIFO: 
    N/A

    * Expression: 
    +----------------------+----------+-------+---+----+------------+------------+
    |     Variable Name    | Operation| DSP48E| FF| LUT| Bitwidth P0| Bitwidth P1|
    +----------------------+----------+-------+---+----+------------+------------+
    |add_ln10_fu_108_p2    |     +    |      0|  0|  39|          32|           1|
    |add_ln14_fu_87_p2     |     +    |      0|  0|  39|          32|           1|
    |ap_condition_44       |    and   |      0|  0|   2|           1|           1|
    |ap_condition_48       |    and   |      0|  0|   2|           1|           1|
    |icmp_ln10_fu_64_p2    |   icmp   |      0|  0|  18|          32|          26|
    |icmp_ln14_fu_81_p2    |   icmp   |      0|  0|  18|          32|           2|
    |icmp_ln17_fu_120_p2   |   icmp   |      0|  0|  18|          32|           1|
    |icmp_ln21_fu_126_p2   |   icmp   |      0|  0|  18|          32|           1|
    |icmp_ln25_fu_132_p2   |   icmp   |      0|  0|  18|          32|           2|
    |icmp_ln29_fu_138_p2   |   icmp   |      0|  0|  18|          32|           2|
    |select_ln14_fu_93_p3  |  select  |      0|  0|  32|           1|          32|
    +----------------------+----------+-------+---+----+------------+------------+
    |Total                 |          |      0|  0| 222|         259|          70|
    +----------------------+----------+-------+---+----+------------+------------+

    * Multiplexer: 
    +------------------------------------------+----+-----------+-----+-----------+
    |                   Name                   | LUT| Input Size| Bits| Total Bits|
    +------------------------------------------+----+-----------+-----+-----------+
    |ap_phi_mux_led_number_loc_0_phi_fu_54_p4  |  13|          3|   32|         96|
    |cnt_reg                                   |   9|          2|   32|         64|
    |led_V                                     |  21|          5|    4|         20|
    +------------------------------------------+----+-----------+-----+-----------+
    |Total                                     |  43|         10|   68|        180|
    +------------------------------------------+----+-----------+-----+-----------+

    * Register: 
    +------------+----+----+-----+-----------+
    |    Name    | FF | LUT| Bits| Const Bits|
    +------------+----+----+-----+-----------+
    |ap_CS_fsm   |   1|   0|    1|          0|
    |cnt_reg     |  32|   0|   32|          0|
    |led_number  |  32|   0|   32|          0|
    +------------+----+----+-----+-----------+
    |Total       |  65|   0|   65|          0|
    +------------+----+----+-----+-----------+



================================================================
== Interface
================================================================
* Summary: 
+----------+-----+-----+--------------+------------------------+--------------+
| RTL Ports| Dir | Bits|   Protocol   |      Source Object     |    C Type    |
+----------+-----+-----+--------------+------------------------+--------------+
|ap_clk    |  in |    1| ap_ctrl_none | k731_hls_led_stream_ip | return value |
|ap_rst    |  in |    1| ap_ctrl_none | k731_hls_led_stream_ip | return value |
|led_V     | out |    4|    ap_none   |          led_V         |    pointer   |
+----------+-----+-----+--------------+------------------------+--------------+

