#-----------------------------------------------------------
# Vivado v2019.2 (64-bit)
# SW Build 2708876 on Wed Nov  6 21:40:23 MST 2019
# IP Build 2700528 on Thu Nov  7 00:09:20 MST 2019
# Start of session at: Thu Jul  9 18:42:56 2020
# Process ID: 7836
# Current directory: C:/Users/Administrator/Desktop/k719_ethernet_catch_broadcast
# Command line: vivado.exe -gui_launcher_event rodinguilauncherevent13272 C:\Users\Administrator\Desktop\k719_ethernet_catch_broadcast\k719_ethernet_catch_broadcast.xpr
# Log file: C:/Users/Administrator/Desktop/k719_ethernet_catch_broadcast/vivado.log
# Journal file: C:/Users/Administrator/Desktop/k719_ethernet_catch_broadcast\vivado.jou
#-----------------------------------------------------------
start_gui
open_project C:/Users/Administrator/Desktop/k719_ethernet_catch_broadcast/k719_ethernet_catch_broadcast.xpr
update_compile_order -fileset sources_1
open_hw_manager
connect_hw_server -allow_non_jtag
open_hw_target
set_property PROGRAM.FILE {C:/Users/Administrator/Desktop/k719_ethernet_catch_broadcast/k719_ethernet_catch_broadcast.runs/impl_1/ethernet_catch_bordcast.bit} [get_hw_devices xc7k325t_0]
set_property PROBES.FILE {C:/Users/Administrator/Desktop/k719_ethernet_catch_broadcast/k719_ethernet_catch_broadcast.runs/impl_1/ethernet_catch_bordcast.ltx} [get_hw_devices xc7k325t_0]
set_property FULL_PROBES.FILE {C:/Users/Administrator/Desktop/k719_ethernet_catch_broadcast/k719_ethernet_catch_broadcast.runs/impl_1/ethernet_catch_bordcast.ltx} [get_hw_devices xc7k325t_0]
current_hw_device [get_hw_devices xc7k325t_0]
refresh_hw_device [lindex [get_hw_devices xc7k325t_0] 0]
set_property PROBES.FILE {C:/Users/Administrator/Desktop/k719_ethernet_catch_broadcast/k719_ethernet_catch_broadcast.runs/impl_1/ethernet_catch_bordcast.ltx} [get_hw_devices xc7k325t_0]
set_property FULL_PROBES.FILE {C:/Users/Administrator/Desktop/k719_ethernet_catch_broadcast/k719_ethernet_catch_broadcast.runs/impl_1/ethernet_catch_bordcast.ltx} [get_hw_devices xc7k325t_0]
set_property PROGRAM.FILE {C:/Users/Administrator/Desktop/k719_ethernet_catch_broadcast/k719_ethernet_catch_broadcast.runs/impl_1/ethernet_catch_bordcast.bit} [get_hw_devices xc7k325t_0]
program_hw_devices [get_hw_devices xc7k325t_0]
refresh_hw_device [lindex [get_hw_devices xc7k325t_0] 0]
display_hw_ila_data [ get_hw_ila_data hw_ila_data_1 -of_objects [get_hw_ilas -of_objects [get_hw_devices xc7k325t_0] -filter {CELL_NAME=~"u_ila_0"}]]
run_hw_ila [get_hw_ilas -of_objects [get_hw_devices xc7k325t_0] -filter {CELL_NAME=~"u_ila_0"}]
wait_on_hw_ila [get_hw_ilas -of_objects [get_hw_devices xc7k325t_0] -filter {CELL_NAME=~"u_ila_0"}]
display_hw_ila_data [upload_hw_ila_data [get_hw_ilas -of_objects [get_hw_devices xc7k325t_0] -filter {CELL_NAME=~"u_ila_0"}]]
reset_run synth_1
launch_runs impl_1 -to_step write_bitstream -jobs 8
wait_on_run impl_1
reset_run synth_1
launch_runs impl_1 -to_step write_bitstream -jobs 8
wait_on_run impl_1
reset_run impl_1
reset_run synth_1
launch_runs impl_1 -to_step write_bitstream -jobs 8
wait_on_run impl_1
reset_run synth_1
launch_runs impl_1 -to_step write_bitstream -jobs 8
wait_on_run impl_1
set_property PROBES.FILE {C:/Users/Administrator/Desktop/k719_ethernet_catch_broadcast/k719_ethernet_catch_broadcast.runs/impl_1/ethernet_catch_bordcast.ltx} [get_hw_devices xc7k325t_0]
set_property FULL_PROBES.FILE {C:/Users/Administrator/Desktop/k719_ethernet_catch_broadcast/k719_ethernet_catch_broadcast.runs/impl_1/ethernet_catch_bordcast.ltx} [get_hw_devices xc7k325t_0]
set_property PROGRAM.FILE {C:/Users/Administrator/Desktop/k719_ethernet_catch_broadcast/k719_ethernet_catch_broadcast.runs/impl_1/ethernet_catch_bordcast.bit} [get_hw_devices xc7k325t_0]
program_hw_devices [get_hw_devices xc7k325t_0]
refresh_hw_device [lindex [get_hw_devices xc7k325t_0] 0]
run_hw_ila [get_hw_ilas -of_objects [get_hw_devices xc7k325t_0] -filter {CELL_NAME=~"u_ila_0"}]
wait_on_hw_ila [get_hw_ilas -of_objects [get_hw_devices xc7k325t_0] -filter {CELL_NAME=~"u_ila_0"}]
display_hw_ila_data [upload_hw_ila_data [get_hw_ilas -of_objects [get_hw_devices xc7k325t_0] -filter {CELL_NAME=~"u_ila_0"}]]
open_run synth_1 -name synth_1
set_property PROBES.FILE {C:/Users/Administrator/Desktop/k719_ethernet_catch_broadcast/k719_ethernet_catch_broadcast.runs/impl_1/ethernet_catch_bordcast.ltx} [get_hw_devices xc7k325t_0]
set_property FULL_PROBES.FILE {C:/Users/Administrator/Desktop/k719_ethernet_catch_broadcast/k719_ethernet_catch_broadcast.runs/impl_1/ethernet_catch_bordcast.ltx} [get_hw_devices xc7k325t_0]
set_property PROGRAM.FILE {C:/Users/Administrator/Desktop/k719_ethernet_catch_broadcast/k719_ethernet_catch_broadcast.runs/impl_1/ethernet_catch_bordcast.bit} [get_hw_devices xc7k325t_0]
program_hw_devices [get_hw_devices xc7k325t_0]
refresh_hw_device [lindex [get_hw_devices xc7k325t_0] 0]
run_hw_ila [get_hw_ilas -of_objects [get_hw_devices xc7k325t_0] -filter {CELL_NAME=~"u_ila_0"}]
wait_on_hw_ila [get_hw_ilas -of_objects [get_hw_devices xc7k325t_0] -filter {CELL_NAME=~"u_ila_0"}]
display_hw_ila_data [upload_hw_ila_data [get_hw_ilas -of_objects [get_hw_devices xc7k325t_0] -filter {CELL_NAME=~"u_ila_0"}]]
save_wave_config {C:/Users/Administrator/Desktop/k719_ethernet_catch_broadcast/k719_ethernet_catch_broadcast.hw/hw_1/wave/hw_ila_data_1/hw_ila_data_1.wcfg}
